// Jest Snapshot v1, https://goo.gl/fbAQLP

exports[`src/index snapshot 1`] = `
<div>
  <div>
    <div />
    <div
      className="MuiGrid-root MuiGrid-container MuiGrid-spacing-xs-2"
    >
      <div
        className="MuiGrid-root MuiGrid-item"
      >
        <button
          className="MuiButtonBase-root MuiButton-root MuiButton-contained"
          disabled={false}
          onBlur={[Function]}
          onClick={[Function]}
          onDragLeave={[Function]}
          onFocus={[Function]}
          onKeyDown={[Function]}
          onKeyUp={[Function]}
          onMouseDown={[Function]}
          onMouseLeave={[Function]}
          onMouseUp={[Function]}
          onTouchEnd={[Function]}
          onTouchMove={[Function]}
          onTouchStart={[Function]}
          tabIndex={0}
          type="button"
        >
          <span
            className="MuiButton-label"
          >
            Action
          </span>
        </button>
      </div>
    </div>
  </div>
  <div
    style={
      Object {
        "marginTop": "1rem",
      }
    }
  >
    <form
      onSubmit={[Function]}
    >
      <div
        className="MuiGrid-root MuiGrid-container MuiGrid-spacing-xs-2"
        style={
          Object {
            "marginTop": "1rem",
          }
        }
      >
        <div
          className="MuiGrid-root MuiGrid-item MuiGrid-grid-xs-12 MuiGrid-grid-sm-6"
        >
          <p
            className="MuiTypography-root MuiTypography-body1"
          >
            Auto Rotation
          </p>
          <Slider
            marks={
              Array [
                Object {
                  "label": "0",
                  "value": 0,
                },
              ]
            }
            max={10}
            min={-10}
            onChange={[Function]}
            step={0.5}
            value={0}
          />
        </div>
      </div>
      <div
        className="MuiGrid-root MuiGrid-container MuiGrid-spacing-xs-2"
        style={
          Object {
            "marginTop": "1rem",
          }
        }
      >
        <div
          className="MuiGrid-root MuiGrid-item"
        >
          <p
            className="MuiTypography-root MuiTypography-body1"
          >
            Face
          </p>
          <CompactPicker
            color="green"
            onChange={[Function]}
          />
        </div>
        <div
          className="MuiGrid-root MuiGrid-item"
        >
          <p
            className="MuiTypography-root MuiTypography-body1"
          >
            Wall
          </p>
          <CompactPicker
            color="yellow"
            onChange={[Function]}
          />
        </div>
      </div>
      <div
        className="MuiGrid-root MuiGrid-container"
        style={
          Object {
            "marginTop": "1rem",
          }
        }
      >
        <div
          className="MuiGrid-root MuiGrid-item"
        >
          <button
            className="MuiButtonBase-root MuiButton-root MuiButton-contained"
            disabled={false}
            onBlur={[Function]}
            onDragLeave={[Function]}
            onFocus={[Function]}
            onKeyDown={[Function]}
            onKeyUp={[Function]}
            onMouseDown={[Function]}
            onMouseLeave={[Function]}
            onMouseUp={[Function]}
            onTouchEnd={[Function]}
            onTouchMove={[Function]}
            onTouchStart={[Function]}
            tabIndex={0}
            type="submit"
          >
            <span
              className="MuiButton-label"
            >
              Apply
            </span>
          </button>
        </div>
      </div>
      <div
        className="MuiGrid-root MuiGrid-container"
        style={
          Object {
            "marginTop": "1rem",
          }
        }
      >
        <div
          className="MuiGrid-root MuiGrid-item MuiGrid-grid-xs-12"
        >
          <p
            className="MuiTypography-root MuiTypography-body1"
          >
            Text
          </p>
          <TextField
            fullWidth={true}
            multiline={true}
            onChange={[Function]}
            value="岡田
見てるか？"
            variant="outlined"
          />
        </div>
      </div>
      <div
        className="MuiGrid-root MuiGrid-container"
        style={
          Object {
            "marginTop": "1rem",
          }
        }
      >
        <div
          className="MuiGrid-root MuiGrid-item MuiGrid-grid-xs-12 MuiGrid-grid-sm-6"
        >
          <p
            className="MuiTypography-root MuiTypography-body1"
          >
            Grid
          </p>
          <Slider
            max={30}
            min={5}
            onChange={[Function]}
            step={1}
            value={10}
          />
          
        </div>
        <div
          className="MuiGrid-root MuiGrid-item MuiGrid-grid-xs-12"
        >
          <canvas
            height={604.8}
            style={
              Object {
                "border": "1px solid black",
              }
            }
            width={1008}
          />
        </div>
      </div>
    </form>
  </div>
  <a
    className="MuiTypography-root MuiLink-root MuiLink-underlineHover MuiTypography-colorPrimary"
    href="https://github.com/miyanokomiya/okada-hero"
    onBlur={[Function]}
    onFocus={[Function]}
  >
    Github
  </a>
</div>
`;
